// Vitest Snapshot v1, https://vitest.dev/guide/snapshot.html

exports[`<Mutation/> > pets 1`] = `
"/**
 * @description Null response
 */

export function createCreatePets201(override?: Partial<CreatePets201>): NonNullable<CreatePets201> {
  return undefined
}

export function createCreatePetsMutationRequest(override: Partial<CreatePetsMutationRequest> = {}): NonNullable<CreatePetsMutationRequest> {
  return {
    ...{ name: faker.string.alpha(), tag: faker.string.alpha() },
    ...override,
  }
}

export function createCreatePetsMutationResponse(override?: Partial<CreatePetsMutationResponse>): NonNullable<CreatePetsMutationResponse> {
  return undefined
}

/**
 * @description unexpected error
 */

export function createCreatePetsError(override?: Partial<CreatePetsError>): NonNullable<CreatePetsError> {
  return createError(override)
}
"
`;
