// Vitest Snapshot v1, https://vitest.dev/guide/snapshot.html

exports[`<File/> > render File with Import and Export and print imports/exports 1`] = `
"import React from 'react'
export * from './index.ts'
"
`;

exports[`<File/> > render File with source and path, print 1`] = `Promise {}`;
